#-----------------------------------------------------------
# Vivado v2024.1 (64-bit)
# SW Build 5076996 on Wed May 22 18:36:09 MDT 2024
# IP Build 5075265 on Wed May 22 21:45:21 MDT 2024
# SharedData Build 5076995 on Wed May 22 18:29:18 MDT 2024
# Start of session at: Fri Sep  6 05:41:34 2024
# Process ID: 13839
# Current directory: /home/david/r09522848/vivado2024/coraz707s_baremetal_0905/coraz707s_baremetal_0905.runs/synth_1
# Command line: vivado -log design_1_wrapper.vds -product Vivado -mode batch -messageDb vivado.pb -notrace -source design_1_wrapper.tcl
# Log file: /home/david/r09522848/vivado2024/coraz707s_baremetal_0905/coraz707s_baremetal_0905.runs/synth_1/design_1_wrapper.vds
# Journal file: /home/david/r09522848/vivado2024/coraz707s_baremetal_0905/coraz707s_baremetal_0905.runs/synth_1/vivado.jou
# Running On        :hp15s
# Platform          :Ubuntu
# Operating System  :Ubuntu 22.04.4 LTS
# Processor Detail  :11th Gen Intel(R) Core(TM) i7-1165G7 @ 2.80GHz
# CPU Frequency     :1479.110 MHz
# CPU Physical cores:4
# CPU Logical cores :8
# Host memory       :16497 MB
# Swap memory       :2147 MB
# Total Virtual     :18645 MB
# Available Virtual :14087 MB
#-----------------------------------------------------------
source design_1_wrapper.tcl -notrace
